2022/07/28 13:13:22 Rrunning...
2022/07/28 13:13:22 Rrunning...
2022/07/28 13:13:22 Rrunning...
2022/07/28 13:13:22 Rrunning...
2022/07/28 13:13:22 Rrunning...
2022/07/28 13:13:22 Rrunning...
2022/07/28 13:13:22 Rrunning...
2022/07/28 13:13:22 Rrunning...
2022/07/28 13:13:22 Rrunning...
2022/07/28 13:13:22 Rrunning...
2022/07/28 14:13:19 Rrunning...
2022/07/28 14:13:19 Rrunning...
2022/07/28 14:13:19 Rrunning...
2022/07/28 14:13:19 Rrunning...
2022/07/28 14:13:19 Rrunning...
2022/07/28 14:13:19 Rrunning...
2022/07/28 14:13:19 Rrunning...
2022/07/28 14:13:19 Rrunning...
2022/07/28 14:13:19 Rrunning...
2022/07/28 14:13:19 Rrunning...
